******************************************************************************
              TMS320C55x Linker PC v4.4.1                      
******************************************************************************
>> Linked Wed Oct 05 10:07:19 2022

OUTPUT FILE NAME:   <Convolution.out>
ENTRY POINT SYMBOL: "_c_int00"  address: 000161e4


MEMORY CONFIGURATION

         name            origin    length      used     unused   attr    fill
                        (bytes)   (bytes)    (bytes)   (bytes)
----------------------  --------  ---------  --------  --------  ----  --------
  MMR                   00000000   000000c0  00000000  000000c0  RWIX
  DARAM0                000000c0   00001f40  00000b48  000013f8  RWIX
  DARAM1                00002000   00002000  00000000  00002000  RWIX
  DARAM2                00004000   00002000  00000000  00002000  RWIX
  DARAM3                00006000   00002000  00000000  00002000  RWIX
  DARAM4                00008000   00002000  00000400  00001c00  RWIX
  DARAM5                0000a000   00002000  000004d4  00001b2c  RWIX
  DARAM6                0000c000   00002000  00000000  00002000  RWIX
  DARAM7                0000e000   00002000  00000000  00002000  RWIX
  SARAM0                00010000   00002000  00002000  00000000  RWIX
  SARAM1                00012000   00002000  00002000  00000000  RWIX
  SARAM2                00014000   00002000  00001ffc  00000004  RWIX
  SARAM3                00016000   00002000  000002bf  00001d41  RWIX
  SARAM4                00018000   00002000  00000000  00002000  RWIX
  SARAM5                0001a000   00002000  00000000  00002000  RWIX
  SARAM6                0001c000   00002000  00000000  00002000  RWIX
  SARAM7                0001e000   00002000  00000000  00002000  RWIX
  SARAM8                00020000   00002000  00000000  00002000  RWIX
  SARAM9                00022000   00002000  00000000  00002000  RWIX
  SARAM10               00024000   00002000  00000000  00002000  RWIX
  SARAM11               00026000   00002000  00000000  00002000  RWIX
  SARAM12               00028000   00002000  00000000  00002000  RWIX
  SARAM13               0002a000   00002000  00000000  00002000  RWIX
  SARAM14               0002c000   00002000  00000000  00002000  RWIX
  SARAM15               0002e000   00002000  00000000  00002000  RWIX
  SARAM16               00030000   00002000  00000000  00002000  RWIX
  SARAM17               00032000   00002000  00000000  00002000  RWIX
  SARAM18               00034000   00002000  00000000  00002000  RWIX
  SARAM19               00036000   00002000  00000000  00002000  RWIX
  SARAM20               00038000   00002000  00000000  00002000  RWIX
  SARAM21               0003a000   00002000  00000000  00002000  RWIX
  SARAM22               0003c000   00002000  00000000  00002000  RWIX
  SARAM23               0003e000   00002000  00000000  00002000  RWIX
  CE0                   00040000   003c0000  00000000  003c0000  RWIX
  CE1                   00400000   00400000  00000000  00400000  RWIX
  CE2                   00800000   00400000  00000000  00400000  RWIX
  CE3                   00c00000   003f0000  00000000  003f0000  RWIX
  ROM                   00ff0000   0000ff00  00000000  0000ff00  RWIX
  VECS                  00ffff00   00000100  00000100  00000000  RWIX


SECTION ALLOCATION MAP
(Addresses surrounded by []'s are displayed for convenience only!)

output                                                          attributes/
section   page  orgn(bytes) orgn(words) len(bytes) len(words)   input sections
--------  ----  ----------- ----------- ---------- ----------   --------------
.const       0   [ 000000c0 ]  00000060          *   0000020c   
                 [ 000000c0 ]  00000060          *   00000101   rts55x.lib : ctype.obj (.const:__ctypes_)
                 [ 000002c2 ]  00000161          *   00000001   --HOLE-- [fill = 0]
                 [ 000002c4 ]  00000162          *   0000006e   main.obj (.const:.string)
                 [ 000003a0 ]  000001d0          *   00000024   rts55x.lib : _printfi.obj (.const:.string)
                 [ 000003e8 ]  000001f4          *   00000014              : strtod.obj (.const:_digits)
                 [ 00000410 ]  00000208          *   00000014              : strtold.obj (.const:_digits)
                 [ 00000438 ]  0000021c          *   0000000c              : strtod.obj (.const:_powerof10)
                 [ 00000450 ]  00000228          *   0000000c              : strtold.obj (.const:_powerof10)
                 [ 00000468 ]  00000234          *   0000000c              : _printfi.obj (.const)
                 [ 00000480 ]  00000240          *   00000008              : divd.obj (.const:_initial_approx$1)
                 [ 00000490 ]  00000248          *   00000008              : strtod.obj (.const)
                 [ 000004a0 ]  00000250          *   00000008              : strtold.obj (.const)
                 [ 000004b0 ]  00000258          *   00000007              : _scanfi.obj (.const:_flit$1)
                 [ 000004be ]  0000025f          *   00000006              : _scanfi.obj (.const:_barr$2)
                 [ 000004ca ]  00000265          *   00000001   --HOLE-- [fill = 0]
                 [ 000004cc ]  00000266          *   00000002              : fputs.obj (.const:.string)
                 [ 000004d0 ]  00000268          *   00000002   main.obj (.const)
                 [ 000004d4 ]  0000026a          *   00000002   rts55x.lib : fltlid.obj (.const)

.cio         0   [ 000004d8 ]  0000026c          *   00000120   UNINITIALIZED
                 [ 000004d8 ]  0000026c          *   00000120   rts55x.lib : trgmsg.obj (.cio)

.stack       0   [ 00000718 ]  0000038c          *   00000100   UNINITIALIZED
                 [ 00000718 ]  0000038c          *   00000100   --HOLE--

.sysstack 
*            0   [ 00000918 ]  0000048c          *   00000100   UNINITIALIZED
                 [ 00000918 ]  0000048c          *   00000100   --HOLE--

.cinit       0   [ 00000b18 ]  0000058c          *   00000078   
                 [ 00000b18 ]  0000058c          *   0000002d   rts55x.lib : lowlev.obj (.cinit)
                 [ 00000b72 ]  000005b9          *   0000002a              : defs.obj (.cinit)
                 [ 00000bc6 ]  000005e3          *   0000000a              : _lock.obj (.cinit)
                 [ 00000bda ]  000005ed          *   0000000a              : exit.obj (.cinit)
                 [ 00000bee ]  000005f7          *   00000004              : errno.obj (.cinit)
                 [ 00000bf6 ]  000005fb          *   00000004              : fopen.obj (.cinit)
                 [ 00000bfe ]  000005ff          *   00000004              : memory.obj (.cinit)
                 [ 00000c06 ]  00000603          *   00000001   --HOLE-- [fill = 0]

.sysmem      0   [ 00008000 ]  00004000          *   00000200   UNINITIALIZED
                 [ 00008000 ]  00004000          *   00000200   --HOLE--

.data        0   [ 00008000 ]  00004000          *   00000000   UNINITIALIZED

.bss         0   [ 0000a000 ]  00005000          *   0000026a   UNINITIALIZED
                 [ 0000a000 ]  00005000          *   00000119   rts55x.lib : defs.obj (.bss)
                 [ 0000a232 ]  00005119          *   000000d0              : trgdrv.obj (.bss)
                 [ 0000a3d2 ]  000051e9          *   00000001              : errno.obj (.bss)
                 [ 0000a3d4 ]  000051ea          *   00000071              : lowlev.obj (.bss)
                 [ 0000a4b6 ]  0000525b          *   00000001              : fopen.obj (.bss)
                 [ 0000a4b8 ]  0000525c          *   00000006              : memory.obj (.bss)
                 [ 0000a4c4 ]  00005262          *   00000004              : _lock.obj (.bss)
                 [ 0000a4cc ]  00005266          *   00000004              : exit.obj (.bss)

.text.1      0     00010000  [ 00008000 ] 00002000          *   
                   00010000  [ 00008000 ] 000015a4          *   rts55x.lib : _printfi.obj (.text)
                   000115a4  [ 00008ad2 ] 00000543          *              : lowlev.obj (.text)
                   00011ae7  [ 00008d73+] 000004b5          *              : memory.obj (.text)
                   00011f9c  [ 00008fce ] 0000005c          *              : atoi.obj (.text)
                   00011ff8  [ 00008ffc ] 00000007          *              : exit.obj (.text:CIO_breakpoint)
                   00011fff  [ 00008fff ] 00000001          *   --HOLE-- [fill = 20]

.text.2      0     00012000  [ 00009000 ] 00002000          *   
                   00012000  [ 00009000 ] 00000edb          *   rts55x.lib : _scanfi.obj (.text)
                   00012edb  [ 0000976d+] 00000528          *              : trgdrv.obj (.text)
                   00013403  [ 00009a01+] 000003cc          *              : divd.obj (.text)
                   000137cf  [ 00009be7+] 00000301          *              : strtoll.obj (.text)
                   00013ad0  [ 00009d68 ] 000002bd          *              : strtod.obj (.text)
                   00013d8d  [ 00009ec6+] 0000025e          *              : llmpy.obj (.text)
                   00013feb  [ 00009ff5+] 00000014          *              : subd.obj (.text)
                   00013fff  [ 00009fff ] 00000001          *   --HOLE-- [fill = 20]

.text.3      0     00014000  [ 0000a000 ] 00001ffc          *   
                   00014000  [ 0000a000 ] 0000029f          *   rts55x.lib : strtold.obj (.text)
                   0001429f  [ 0000a14f+] 0000027f          *              : fopen.obj (.text)
                   0001451e  [ 0000a28f ] 0000025a          *              : addd.obj (.text)
                   00014778  [ 0000a3bc ] 0000024b          *              : strtoull.obj (.text)
                   000149c3  [ 0000a4e1+] 00000208          *              : strtol.obj (.text)
                   00014bcb  [ 0000a5e5+] 000001ea          *              : cmpd.obj (.text)
                   00014db5  [ 0000a6da+] 000001d1          *              : strtoul.obj (.text)
                   00014f86  [ 0000a7c3 ] 0000017f          *   main.obj (.text)
                   00015105  [ 0000a882+] 00000163          *   rts55x.lib : fputs.obj (.text)
                   00015268  [ 0000a934 ] 00000161          *              : fscanf.obj (.text)
                   000153c9  [ 0000a9e4+] 0000014c          *              : mpyd.obj (.text)
                   00015515  [ 0000aa8a+] 000000e6          *              : setvbuf.obj (.text)
                   000155fb  [ 0000aafd+] 000000dd          *              : _io_perm.obj (.text)
                   000156d8  [ 0000ab6c ] 000000c2          *              : fflush.obj (.text)
                   0001579a  [ 0000abcd ] 000000ba          *              : trgmsg.obj (.text:CIO_breakpoint)
                   00015854  [ 0000ac2a ] 000000ae          *              : _bufread.obj (.text)
                   00015902  [ 0000ac81 ] 000000a6          *              : fputc.obj (.text)
                   000159a8  [ 0000acd4 ] 000000a1          *              : divul.obj (.text)
                   00015a49  [ 0000ad24+] 0000009b          *              : fgetc.obj (.text)
                   00015ae4  [ 0000ad72 ] 0000009a          *              : ungetc.obj (.text)
                   00015b7e  [ 0000adbf ] 0000007d          *              : ltoa.obj (.text)
                   00015bfb  [ 0000adfd+] 0000007b          *              : fclose.obj (.text)
                   00015c76  [ 0000ae3b ] 00000076          *              : frcmpyd.obj (.text)
                   00015cec  [ 0000ae76 ] 00000073          *              : frcmpyd_div.obj (.text)
                   00015d5f  [ 0000aeaf+] 00000072          *              : remul.obj (.text)
                   00015dd1  [ 0000aee8+] 0000006f          *              : fixdli.obj (.text)
                   00015e40  [ 0000af20 ] 0000006d          *              : trgmsg.obj (.text)
                   00015ead  [ 0000af56+] 0000006b          *              : fseek.obj (.text)
                   00015f18  [ 0000af8c ] 00000067          *              : fltlid.obj (.text)
                   00015f7f  [ 0000afbf+] 00000050          *              : printf.obj (.text)
                   00015fcf  [ 0000afe7+] 0000002a          *              : fixdi.obj (.text)
                   00015ff9  [ 0000affc+] 00000002          *              : vectors.obj (.text)
                   00015ffb  [ 0000affd ] 00000001          *   --HOLE-- [fill = 20]

.text.4      0     00016000  [ 0000b000 ] 000002bf          *   
                   00016000  [ 0000b000 ] 0000004d          *   rts55x.lib : autoinit.obj (.text)
                   0001604d  [ 0000b026+] 0000004b          *              : args_main.obj (.text)
                   00016098  [ 0000b04c ] 0000004b          *              : remli.obj (.text)
                   000160e3  [ 0000b071+] 00000048          *              : divli.obj (.text)
                   0001612b  [ 0000b095+] 0000003f          *              : memcpy.obj (.text)
                   0001616a  [ 0000b0b5 ] 0000003e          *              : exit.obj (.text)
                   000161a8  [ 0000b0d4 ] 0000003c          *              : idiv.obj (.text)
                   000161e4  [ 0000b0f2 ] 00000034          *              : boot.obj (.text)
                   00016218  [ 0000b10c ] 0000002a          *              : udiv.obj (.text)
                   00016242  [ 0000b121 ] 00000023          *              : memccpy.obj (.text)
                   00016265  [ 0000b132+] 0000001a          *              : isinf.obj (.text)
                   0001627f  [ 0000b13f+] 00000013          *              : lmpy.obj (.text)
                   00016292  [ 0000b149 ] 00000012          *              : _lock.obj (.text)
                   000162a4  [ 0000b152 ] 00000010          *              : negd.obj (.text)
                   000162b4  [ 0000b15a ] 0000000a          *              : remove.obj (.text)
                   000162be  [ 0000b15f ] 00000001          *   --HOLE-- [fill = 20]

vectors      0     00ffff00  [ 007fff80 ] 00000100          *   NOLOAD SECTION
                   00ffff00  [ 007fff80 ] 00000100          *   rts55x.lib : vectors.obj (vectors)


GLOBAL SYMBOLS: SORTED ALPHABETICALLY BY Name 

abs. value/
byte addr   word addr   name
---------   ---------   ----
00000002                $TI_capability$C5500$CallingConvention
00000002                $TI_capability$C5500$MemoryModel
00000001                $TI_capability_requires_rev2
            00005000    .bss
            00004000    .data
ffffffff                .text
00011ff9                C$$EXIT
0001584f                C$$IO$$
000161a8                I$$DIV
0001627f                I$$LMPY
000161c7                I$$MOD
00016218                I$$UDIV
0001622d                I$$UMOD
000133a5                _HOSTclock
0001333a                _HOSTclose
00013285                _HOSTlseek
000131e6                _HOSTopen
00013159                _HOSTread
000130ab                _HOSTrename
0001304d                _HOSTtime
00012fe3                _HOSTunlink
00012f56                _HOSTwrite
00ffff00                _Reset
            0000026c    __CIOBUF_
            0000048c    __STACK_END
00000200                __STACK_SIZE
00000400                __SYSMEM_SIZE
00000200                __SYSSTACK_SIZE
00000001                __TI_args_main
ffffffff                ___binit__
            00005000    ___bss__
ffffffff                ___c_args__
            0000058c    ___cinit__
            00004000    ___data__
            00004000    ___edata__
            0000526a    ___end__
ffffffff                ___etext__
00016265                ___isinf
ffffffff                ___pinit__
ffffffff                ___text__
0001451e                __addd
0001604d                __args_main
00015854                __buff_read
000143c0                __cleanup
            00005266    __cleanup_ptr
00014d5d                __cmpd
            00000060    __ctypes_
00013403                __divd
000161a8                __divi
000160e3                __divli
00013fb6                __divlli
00016218                __divu
000159a8                __divul
00013ec2                __divull
000156d8                __doflush
            00005268    __dtors_ptr
00014d29                __eqld
00015fcf                __fixdi
00015dd1                __fixdli
00015f18                __fltlid
00015c76                __frcmpyd
00015cec                __frcmpyd_div
            00005118    __ft_end
            00005000    __ftable
00014cdf                __geqd
00014c94                __gtrd
00014c47                __leqd
            00005262    __lock
00014bff                __lssd
000153c9                __mpyd
0001627f                __mpyli
00013e0a                __mpylli
000162a4                __negd
00014bcb                __neqd
000162a2                __nop
00011362                __printfi
0001567b                __rd_ok
0001629a                __register_lock
00016292                __register_unlock
000161c7                __remi
00016098                __remli
00013ddb                __remlli
0001622d                __remu
00015d5f                __remul
00013d8d                __remull
000129d3                __scanfi
            0000038c    __stack
00013feb                __subd
            00004000    __sys_memory
            0000048c    __sysstack
            00005078    __tmpnams
            00005264    __unlock
000155fb                __wrt_ok
00011ff8                _abort
000119f7                _add_device
00011f9c                _atoi
00016000                _auto_init
000161e4                _c_int00
00011f76                _calloc
00011f6e                _chkheap
00011984                _close
            000051e9    _errno
0001616a                _exit
00015bfb                _fclose
00015741                _fflush
00015a49                _fgetc
0001197b                _find_registered_device
000144e3                _fopen
00015902                _fputc
00015105                _fputs
00011ae7                _free
00011f18                _free_memory
0001441a                _freopen
000152a4                _fscanf
00015ead                _fseek
00015a49                _getc
00015ad5                _getchar
00012edb                _getenv
00011915                _lseek
00015b7e                _ltoa
00014f86                _main
00011c18                _malloc
00011ebe                _max_free
00016242                _memccpy
0001612b                _memcpy
00011bb3                _minit
00011856                _open
00015f7f                _printf
00015902                _putc
00015999                _putchar
0001523a                _puts
000117a8                _read
00015e40                _readmsg
00011d0d                _realloc
000162b4                _remove
00011772                _remove_device
00011719                _rename
00015268                _scanf
00015515                _setvbuf
00013ad0                _strtod
000149c3                _strtol
00014000                _strtold
000137cf                _strtoll
00014db5                _strtoul
00014778                _strtoull
00015ae4                _ungetc
000116e6                _unlink
000115a4                _write
0001579a                _writemsg
ffffffff                binit
            0000058c    cinit
            00004000    edata
            0000526a    end
ffffffff                etext
ffffffff                pinit


GLOBAL SYMBOLS: SORTED BY Symbol Address 

abs. value/
byte addr   word addr   name
---------   ---------   ----
00000001                $TI_capability_requires_rev2
00000001                __TI_args_main
00000002                $TI_capability$C5500$CallingConvention
00000002                $TI_capability$C5500$MemoryModel
            00000060    __ctypes_
00000200                __STACK_SIZE
00000200                __SYSSTACK_SIZE
00000400                __SYSMEM_SIZE
            0000026c    __CIOBUF_
            0000038c    __stack
            0000048c    __STACK_END
            0000048c    __sysstack
            0000058c    ___cinit__
            0000058c    cinit
            00004000    .data
            00004000    ___data__
            00004000    ___edata__
            00004000    __sys_memory
            00004000    edata
            00005000    .bss
            00005000    ___bss__
            00005000    __ftable
            00005078    __tmpnams
            00005118    __ft_end
            000051e9    _errno
            00005262    __lock
            00005264    __unlock
            00005266    __cleanup_ptr
            00005268    __dtors_ptr
            0000526a    ___end__
            0000526a    end
00011362                __printfi
000115a4                _write
000116e6                _unlink
00011719                _rename
00011772                _remove_device
000117a8                _read
00011856                _open
00011915                _lseek
0001197b                _find_registered_device
00011984                _close
000119f7                _add_device
00011ae7                _free
00011bb3                _minit
00011c18                _malloc
00011d0d                _realloc
00011ebe                _max_free
00011f18                _free_memory
00011f6e                _chkheap
00011f76                _calloc
00011f9c                _atoi
00011ff8                _abort
00011ff9                C$$EXIT
000129d3                __scanfi
00012edb                _getenv
00012f56                _HOSTwrite
00012fe3                _HOSTunlink
0001304d                _HOSTtime
000130ab                _HOSTrename
00013159                _HOSTread
000131e6                _HOSTopen
00013285                _HOSTlseek
0001333a                _HOSTclose
000133a5                _HOSTclock
00013403                __divd
000137cf                _strtoll
00013ad0                _strtod
00013d8d                __remull
00013ddb                __remlli
00013e0a                __mpylli
00013ec2                __divull
00013fb6                __divlli
00013feb                __subd
00014000                _strtold
000143c0                __cleanup
0001441a                _freopen
000144e3                _fopen
0001451e                __addd
00014778                _strtoull
000149c3                _strtol
00014bcb                __neqd
00014bff                __lssd
00014c47                __leqd
00014c94                __gtrd
00014cdf                __geqd
00014d29                __eqld
00014d5d                __cmpd
00014db5                _strtoul
00014f86                _main
00015105                _fputs
0001523a                _puts
00015268                _scanf
000152a4                _fscanf
000153c9                __mpyd
00015515                _setvbuf
000155fb                __wrt_ok
0001567b                __rd_ok
000156d8                __doflush
00015741                _fflush
0001579a                _writemsg
0001584f                C$$IO$$
00015854                __buff_read
00015902                _fputc
00015902                _putc
00015999                _putchar
000159a8                __divul
00015a49                _fgetc
00015a49                _getc
00015ad5                _getchar
00015ae4                _ungetc
00015b7e                _ltoa
00015bfb                _fclose
00015c76                __frcmpyd
00015cec                __frcmpyd_div
00015d5f                __remul
00015dd1                __fixdli
00015e40                _readmsg
00015ead                _fseek
00015f18                __fltlid
00015f7f                _printf
00015fcf                __fixdi
00016000                _auto_init
0001604d                __args_main
00016098                __remli
000160e3                __divli
0001612b                _memcpy
0001616a                _exit
000161a8                I$$DIV
000161a8                __divi
000161c7                I$$MOD
000161c7                __remi
000161e4                _c_int00
00016218                I$$UDIV
00016218                __divu
0001622d                I$$UMOD
0001622d                __remu
00016242                _memccpy
00016265                ___isinf
0001627f                I$$LMPY
0001627f                __mpyli
00016292                __register_unlock
0001629a                __register_lock
000162a2                __nop
000162a4                __negd
000162b4                _remove
00ffff00                _Reset
ffffffff                .text
ffffffff                ___binit__
ffffffff                ___c_args__
ffffffff                ___etext__
ffffffff                ___pinit__
ffffffff                ___text__
ffffffff                binit
ffffffff                etext
ffffffff                pinit

[155 symbols]
